[preview.colorlib.com/theme/bootstrap/login-form-10/index.html]
[preview.colorlib.com/theme/bootstrap/login-form-10/fonts/icomoon/style.css]
[preview.colorlib.com/theme/bootstrap/login-form-10/css/owl.carousel.min.css]
[preview.colorlib.com/theme/bootstrap/login-form-10/css/bootstrap.min.css]
[backblue.gif]
[fade.gif]
[index.html]
[preview.colorlib.com/theme/bootstrap/login-form-10/css/style.css]
[preview.colorlib.com/theme/bootstrap/login-form-10/js/jquery-3.3.1.min.js]
[preview.colorlib.com/theme/bootstrap/login-form-10/js/popper.min.js]
[preview.colorlib.com/theme/bootstrap/login-form-10/js/bootstrap.min.js]
[preview.colorlib.com/theme/bootstrap/login-form-10/js/main.js]
[preview.colorlib.com/theme/bootstrap/login-form-10/index.html]
[preview.colorlib.com/theme/bootstrap/login-form-10/fonts/icomoon/fonts/icomoon1a44.eot]
[preview.colorlib.com/theme/bootstrap/login-form-10/fonts/icomoon/fonts/icomoon1a44.woff]
[preview.colorlib.com/theme/bootstrap/login-form-10/fonts/icomoon/fonts/icomoon1a44.ttf]
[preview.colorlib.com/theme/bootstrap/login-form-10/fonts/icomoon/style.css]
[preview.colorlib.com/theme/bootstrap/login-form-10/css/owl.video.play.png]
[preview.colorlib.com/theme/bootstrap/login-form-10/css/owl.carousel.min.css]
[preview.colorlib.com/theme/bootstrap/login-form-10/css/bootstrap.min.css]
[preview.colorlib.com/theme/bootstrap/login-form-10/css/style.css]
[preview.colorlib.com/cdn-cgi/zaraz/sd0d9.js]
[preview.colorlib.com/theme/bootstrap/login-form-10/fonts/icomoon/fonts/icomoon1a44.svg]
[preview.colorlib.com/theme/bootstrap/login-form-10/fonts/icomoon/fonts/icomoon1a44.svg]
[preview.colorlib.com/theme/bootstrap/login-form-10/css/owl.video.play.html]
